--------------------------------------------------------------------------------
Release 14.7 Trace  (nt64)
Copyright (c) 1995-2013 Xilinx, Inc.  All rights reserved.

C:\Xilinx\14.7\ISE_DS\ISE\bin\nt64\unwrapped\trce.exe -intstyle ise -v 3 -s 3
-n 3 -fastpaths -xml DEC_1007.twx DEC_1007.ncd -o DEC_1007.twr DEC_1007.pcf
-ucf DEC_1007.ucf

Design file:              DEC_1007.ncd
Physical constraint file: DEC_1007.pcf
Device,package,speed:     xc6slx9,csg324,C,-3 (PRODUCTION 1.23 2013-10-13)
Report level:             verbose report

Environment Variable      Effect 
--------------------      ------ 
NONE                      No environment variables were set
--------------------------------------------------------------------------------

INFO:Timing:2698 - No timing constraints found, doing default enumeration.
INFO:Timing:3412 - To improve timing, see the Timing Closure User Guide (UG612).
INFO:Timing:2752 - To get complete path coverage, use the unconstrained paths 
   option. All paths that are not constrained will be reported in the 
   unconstrained paths section(s) of the report.
INFO:Timing:3339 - The clock-to-out numbers in this timing report are based on 
   a 50 Ohm transmission line loading model.  For the details of this model, 
   and for more information on accounting for different loading conditions, 
   please see the device datasheet.



Data Sheet report:
-----------------
All values displayed in nanoseconds (ns)

Clock i<0> to Pad
------------+-----------------+------------+-----------------+------------+------------------+--------+
            |Max (slowest) clk|  Process   |Min (fastest) clk|  Process   |                  | Clock  |
Destination |  (edge) to PAD  |   Corner   |  (edge) to PAD  |   Corner   |Internal Clock(s) | Phase  |
------------+-----------------+------------+-----------------+------------+------------------+--------+
out<0>      |        13.944(F)|      SLOW  |         8.293(F)|      FAST  |_n0188            |   0.000|
out<1>      |        10.603(F)|      SLOW  |         6.206(F)|      FAST  |_n0169            |   0.000|
out<2>      |         9.959(F)|      SLOW  |         5.814(F)|      FAST  |_n0150            |   0.000|
out<3>      |        10.061(F)|      SLOW  |         5.894(F)|      FAST  |_n0131            |   0.000|
out<4>      |        10.394(F)|      SLOW  |         6.072(F)|      FAST  |_n0112            |   0.000|
out<5>      |        10.223(F)|      SLOW  |         5.979(F)|      FAST  |_n0093            |   0.000|
out<6>      |        10.399(F)|      SLOW  |         6.031(F)|      FAST  |_n0074            |   0.000|
out<7>      |        10.011(F)|      SLOW  |         5.830(F)|      FAST  |_n0055            |   0.000|
------------+-----------------+------------+-----------------+------------+------------------+--------+

Clock i<1> to Pad
------------+-----------------+------------+-----------------+------------+------------------+--------+
            |Max (slowest) clk|  Process   |Min (fastest) clk|  Process   |                  | Clock  |
Destination |  (edge) to PAD  |   Corner   |  (edge) to PAD  |   Corner   |Internal Clock(s) | Phase  |
------------+-----------------+------------+-----------------+------------+------------------+--------+
out<0>      |        13.627(F)|      SLOW  |         8.088(F)|      FAST  |_n0188            |   0.000|
out<1>      |        10.581(F)|      SLOW  |         6.158(F)|      FAST  |_n0169            |   0.000|
out<2>      |        10.299(F)|      SLOW  |         6.026(F)|      FAST  |_n0150            |   0.000|
out<3>      |         9.957(F)|      SLOW  |         5.805(F)|      FAST  |_n0131            |   0.000|
out<4>      |        10.077(F)|      SLOW  |         5.867(F)|      FAST  |_n0112            |   0.000|
out<5>      |        10.549(F)|      SLOW  |         6.139(F)|      FAST  |_n0093            |   0.000|
out<6>      |        10.408(F)|      SLOW  |         6.032(F)|      FAST  |_n0074            |   0.000|
out<7>      |        10.009(F)|      SLOW  |         5.834(F)|      FAST  |_n0055            |   0.000|
------------+-----------------+------------+-----------------+------------+------------------+--------+

Clock i<2> to Pad
------------+-----------------+------------+-----------------+------------+------------------+--------+
            |Max (slowest) clk|  Process   |Min (fastest) clk|  Process   |                  | Clock  |
Destination |  (edge) to PAD  |   Corner   |  (edge) to PAD  |   Corner   |Internal Clock(s) | Phase  |
------------+-----------------+------------+-----------------+------------+------------------+--------+
out<0>      |        13.255(F)|      SLOW  |         7.883(F)|      FAST  |_n0188            |   0.000|
out<1>      |        10.335(F)|      SLOW  |         5.984(F)|      FAST  |_n0169            |   0.000|
out<2>      |         9.394(F)|      SLOW  |         5.406(F)|      FAST  |_n0150            |   0.000|
out<3>      |         9.755(F)|      SLOW  |         5.610(F)|      FAST  |_n0131            |   0.000|
out<4>      |         9.705(F)|      SLOW  |         5.662(F)|      FAST  |_n0112            |   0.000|
out<5>      |         9.961(F)|      SLOW  |         5.807(F)|      FAST  |_n0093            |   0.000|
out<6>      |         9.923(F)|      SLOW  |         5.695(F)|      FAST  |_n0074            |   0.000|
out<7>      |         9.761(F)|      SLOW  |         5.640(F)|      FAST  |_n0055            |   0.000|
------------+-----------------+------------+-----------------+------------+------------------+--------+

Clock i<3> to Pad
------------+-----------------+------------+-----------------+------------+------------------+--------+
            |Max (slowest) clk|  Process   |Min (fastest) clk|  Process   |                  | Clock  |
Destination |  (edge) to PAD  |   Corner   |  (edge) to PAD  |   Corner   |Internal Clock(s) | Phase  |
------------+-----------------+------------+-----------------+------------+------------------+--------+
out<0>      |        13.690(F)|      SLOW  |         8.134(F)|      FAST  |_n0188            |   0.000|
out<1>      |        10.600(F)|      SLOW  |         6.218(F)|      FAST  |_n0169            |   0.000|
out<2>      |         9.665(F)|      SLOW  |         5.636(F)|      FAST  |_n0150            |   0.000|
out<3>      |         9.729(F)|      SLOW  |         5.659(F)|      FAST  |_n0131            |   0.000|
out<4>      |        10.140(F)|      SLOW  |         5.913(F)|      FAST  |_n0112            |   0.000|
out<5>      |         9.959(F)|      SLOW  |         5.793(F)|      FAST  |_n0093            |   0.000|
out<6>      |        10.147(F)|      SLOW  |         5.805(F)|      FAST  |_n0074            |   0.000|
out<7>      |         9.785(F)|      SLOW  |         5.693(F)|      FAST  |_n0055            |   0.000|
------------+-----------------+------------+-----------------+------------+------------------+--------+

Clock to Setup on destination clock i<0>
---------------+---------+---------+---------+---------+
               | Src:Rise| Src:Fall| Src:Rise| Src:Fall|
Source Clock   |Dest:Rise|Dest:Rise|Dest:Fall|Dest:Fall|
---------------+---------+---------+---------+---------+
i<0>           |         |         |    0.880|    0.880|
i<1>           |         |         |    1.036|    1.036|
i<2>           |         |         |    0.630|    0.630|
i<3>           |         |         |    0.707|    0.707|
---------------+---------+---------+---------+---------+

Clock to Setup on destination clock i<1>
---------------+---------+---------+---------+---------+
               | Src:Rise| Src:Fall| Src:Rise| Src:Fall|
Source Clock   |Dest:Rise|Dest:Rise|Dest:Fall|Dest:Fall|
---------------+---------+---------+---------+---------+
i<0>           |         |         |    0.882|    0.882|
i<1>           |         |         |    0.880|    0.880|
i<2>           |         |         |    0.632|    0.632|
i<3>           |         |         |    0.727|    0.727|
---------------+---------+---------+---------+---------+

Clock to Setup on destination clock i<2>
---------------+---------+---------+---------+---------+
               | Src:Rise| Src:Fall| Src:Rise| Src:Fall|
Source Clock   |Dest:Rise|Dest:Rise|Dest:Fall|Dest:Fall|
---------------+---------+---------+---------+---------+
i<0>           |         |         |    1.227|    1.227|
i<1>           |         |         |    1.567|    1.567|
i<2>           |         |         |    0.865|    0.865|
i<3>           |         |         |    0.957|    0.957|
---------------+---------+---------+---------+---------+

Clock to Setup on destination clock i<3>
---------------+---------+---------+---------+---------+
               | Src:Rise| Src:Fall| Src:Rise| Src:Fall|
Source Clock   |Dest:Rise|Dest:Rise|Dest:Fall|Dest:Fall|
---------------+---------+---------+---------+---------+
i<0>           |         |         |    1.124|    1.124|
i<1>           |         |         |    1.309|    1.309|
i<2>           |         |         |    0.862|    0.862|
i<3>           |         |         |    0.865|    0.865|
---------------+---------+---------+---------+---------+


Analysis completed Wed Jan 04 13:40:54 2023 
--------------------------------------------------------------------------------

Trace Settings:
-------------------------
Trace Settings 

Peak Memory Usage: 4549 MB



